
--------- beginning of system
--------- beginning of main
2025-12-03 01:07:01.173  6425-6425  .app.fuisor_app         com.fuisor.app.fuisor_app            I  Using CollectorTypeCMC GC.
2025-12-03 01:07:01.180  6425-6425  .app.fuisor_app         com.fuisor.app.fuisor_app            E  Not starting debugger since process cannot load the jdwp agent.
2025-12-03 01:07:01.502  6425-6425  nativeloader            com.fuisor.app.fuisor_app            D  Load libframework-connectivity-tiramisu-jni.so using APEX ns com_android_tethering for caller /apex/com.android.tethering/javalib/framework-connectivity-t.jar: ok
2025-12-03 01:07:01.507  6425-6425  ActivityThread          com.fuisor.app.fuisor_app            D  setConscryptValidator
2025-12-03 01:07:01.507  6425-6425  ActivityThread          com.fuisor.app.fuisor_app            D  setConscryptValidator - put
2025-12-03 01:07:01.536  6425-6425  ApplicationLoaders      com.fuisor.app.fuisor_app            D  Returning zygote-cached class loader: /system_ext/framework/androidx.window.extensions.jar
2025-12-03 01:07:01.536  6425-6425  ApplicationLoaders      com.fuisor.app.fuisor_app            D  Returning zygote-cached class loader: /system_ext/framework/androidx.window.sidecar.jar
2025-12-03 01:07:01.536  6425-6425  ziparchive              com.fuisor.app.fuisor_app            W  Unable to open '/data/app/~~qv5yWMMMihhWFyvaVHLgEw==/com.fuisor.app.fuisor_app-4zqyMA05hheRoaNKsaAKFA==/base.dm': No such file or directory
2025-12-03 01:07:01.536  6425-6425  ziparchive              com.fuisor.app.fuisor_app            W  Unable to open '/data/app/~~qv5yWMMMihhWFyvaVHLgEw==/com.fuisor.app.fuisor_app-4zqyMA05hheRoaNKsaAKFA==/base.dm': No such file or directory
2025-12-03 01:07:01.768  6425-6425  nativeloader            com.fuisor.app.fuisor_app            D  Configuring clns-7 for other apk /data/app/~~qv5yWMMMihhWFyvaVHLgEw==/com.fuisor.app.fuisor_app-4zqyMA05hheRoaNKsaAKFA==/base.apk. target_sdk_version=36, uses_libraries=, library_path=/data/app/~~qv5yWMMMihhWFyvaVHLgEw==/com.fuisor.app.fuisor_app-4zqyMA05hheRoaNKsaAKFA==/lib/arm64:/data/app/~~qv5yWMMMihhWFyvaVHLgEw==/com.fuisor.app.fuisor_app-4zqyMA05hheRoaNKsaAKFA==/base.apk!/lib/arm64-v8a, permitted_path=/data:/mnt/expand:/data/user/0/com.fuisor.app.fuisor_app
2025-12-03 01:07:01.779  6425-6425  GraphicsEnvironment     com.fuisor.app.fuisor_app            V  Currently set values for:
2025-12-03 01:07:01.779  6425-6425  GraphicsEnvironment     com.fuisor.app.fuisor_app            V    angle_gl_driver_selection_pkgs=[]
2025-12-03 01:07:01.779  6425-6425  GraphicsEnvironment     com.fuisor.app.fuisor_app            V    angle_gl_driver_selection_values=[]
2025-12-03 01:07:01.779  6425-6425  GraphicsEnvironment     com.fuisor.app.fuisor_app            V  Global.Settings values are invalid: number of packages: 0, number of values: 0
2025-12-03 01:07:01.779  6425-6425  GraphicsEnvironment     com.fuisor.app.fuisor_app            V  App is not on the allowlist for updatable production driver.
2025-12-03 01:07:01.788  6425-6425  WM-WrkMgrInitializer    com.fuisor.app.fuisor_app            D  Initializing WorkManager with default configuration.
2025-12-03 01:07:01.841  6425-6425  WM-PackageManagerHelper com.fuisor.app.fuisor_app            D  androidx.work.impl.background.systemjob.SystemJobService enabled
2025-12-03 01:07:01.841  6425-6425  WM-Schedulers           com.fuisor.app.fuisor_app            D  Created SystemJobScheduler and enabled SystemJobService
2025-12-03 01:07:01.866  6425-6596  WM-ForceStopRunnable    com.fuisor.app.fuisor_app            D  The default process name was not specified.
2025-12-03 01:07:01.866  6425-6596  WM-ForceStopRunnable    com.fuisor.app.fuisor_app            D  Performing cleanup operations.
2025-12-03 01:07:01.877  6425-6425  MapboxInitializer       com.fuisor.app.fuisor_app            I  MapboxMapsInitializer create() is called
2025-12-03 01:07:01.878  6425-6425  MapboxInitializer       com.fuisor.app.fuisor_app            I  MapboxInitializer started MapboxMapsInitializerImpl initialization, attempt 1
2025-12-03 01:07:01.888  6425-6425  nativeloader            com.fuisor.app.fuisor_app            D  Load /data/app/~~qv5yWMMMihhWFyvaVHLgEw==/com.fuisor.app.fuisor_app-4zqyMA05hheRoaNKsaAKFA==/base.apk!/lib/arm64-v8a/libmapbox-common.so using ns clns-7 from class loader (caller=/data/app/~~qv5yWMMMihhWFyvaVHLgEw==/com.fuisor.app.fuisor_app-4zqyMA05hheRoaNKsaAKFA==/base.apk!classes4.dex): ok
2025-12-03 01:07:01.914  6425-6425  Mapbox                  com.fuisor.app.fuisor_app            I  [common]: Using Mapbox Common SDK v24.16.0(d3a5d76db)
2025-12-03 01:07:01.914  6425-6425  Mapbox                  com.fuisor.app.fuisor_app            I  [telemetry]: Telemetry service not started, missing token
2025-12-03 01:07:01.921  6425-6425  Mapbox                  com.fuisor.app.fuisor_app            I  [maps-core]: Using Mapbox Core Maps SDK v11.16.0(d3a5d76db)
2025-12-03 01:07:01.922  6425-6425  nativeloader            com.fuisor.app.fuisor_app            D  Load /data/app/~~qv5yWMMMihhWFyvaVHLgEw==/com.fuisor.app.fuisor_app-4zqyMA05hheRoaNKsaAKFA==/base.apk!/lib/arm64-v8a/libmapbox-maps.so using ns clns-7 from class loader (caller=/data/app/~~qv5yWMMMihhWFyvaVHLgEw==/com.fuisor.app.fuisor_app-4zqyMA05hheRoaNKsaAKFA==/base.apk!classes4.dex): ok
2025-12-03 01:07:01.938  6425-6425  Mapbox                  com.fuisor.app.fuisor_app            I  [maps-core/setup]: DefaultFileSourceManager: registering default file source factories
2025-12-03 01:07:01.938  6425-6425  Mapbox                  com.fuisor.app.fuisor_app            I  [maps-core/setup]: FileSourceManager: registering ResourceLoader source type factory
2025-12-03 01:07:01.938  6425-6425  Mapbox                  com.fuisor.app.fuisor_app            I  [maps-core/setup]: FileSourceManager: registering Asset source type factory
2025-12-03 01:07:01.938  6425-6425  Mapbox                  com.fuisor.app.fuisor_app            I  [maps-core/setup]: FileSourceManager: registering Database source type factory
2025-12-03 01:07:01.938  6425-6425  Mapbox                  com.fuisor.app.fuisor_app            I  [maps-core/setup]: FileSourceManager: registering FileSystem source type factory
2025-12-03 01:07:01.938  6425-6425  Mapbox                  com.fuisor.app.fuisor_app            I  [maps-core/setup]: FileSourceManager: registering Network source type factory
2025-12-03 01:07:01.938  6425-6425  Mapbox                  com.fuisor.app.fuisor_app            I  [maps-core/setup]: FileSourceManager: registering Asset source type factory
2025-12-03 01:07:01.938  6425-6425  MapboxInitializer       com.fuisor.app.fuisor_app            I  Initialized MapboxMapsInitializerImpl successfully
2025-12-03 01:07:01.941  6425-6425  MapboxInitializer       com.fuisor.app.fuisor_app            I  MapboxSDKCommonInitializer create() is called
2025-12-03 01:07:01.941  6425-6425  MapboxInitializer       com.fuisor.app.fuisor_app            I  Already initialized MapboxSDKCommonInitializerImpl before successfully
2025-12-03 01:07:01.984  6425-6425  ActivityThread          com.fuisor.app.fuisor_app            D  com.fuisor.app.fuisor_app will use render engine as VK
2025-12-03 01:07:01.985  6425-6425  HWUI                    com.fuisor.app.fuisor_app            D  HWUI - treat SMPTE_170M as sRGB
2025-12-03 01:07:01.992  6425-6612  HWUI                    com.fuisor.app.fuisor_app            D  CacheManager constructor. deviceInfo=(1080, 1920)
2025-12-03 01:07:01.993  6425-6612  vulkan                  com.fuisor.app.fuisor_app            D  searching for layers in '/data/app/~~qv5yWMMMihhWFyvaVHLgEw==/com.fuisor.app.fuisor_app-4zqyMA05hheRoaNKsaAKFA==/lib/arm64'
2025-12-03 01:07:01.993  6425-6612  vulkan                  com.fuisor.app.fuisor_app            D  searching for layers in '/data/app/~~qv5yWMMMihhWFyvaVHLgEw==/com.fuisor.app.fuisor_app-4zqyMA05hheRoaNKsaAKFA==/base.apk!/lib/arm64-v8a'
2025-12-03 01:07:01.993  6425-6612  XGL                     com.fuisor.app.fuisor_app            V  ----------------------------------------------------------------------
2025-12-03 01:07:01.993  6425-6612  XGL                     com.fuisor.app.fuisor_app            V  SUMD version compiled date     = 2025-03-11 10:23 - KST
2025-12-03 01:07:01.993  6425-6612  XGL                     com.fuisor.app.fuisor_app            V  SUMD version revision number   = e5014ade39
2025-12-03 01:07:01.994  6425-6612  XGL                     com.fuisor.app.fuisor_app            V  SUMD version info              = Driver version: 24.3.9, git hash: e5014ade39
2025-12-03 01:07:01.994  6425-6612  XGL                     com.fuisor.app.fuisor_app            V  ----------------------------------------------------------------------
2025-12-03 01:07:01.994  6425-6612  XGL                     com.fuisor.app.fuisor_app            V  Entering: Create
2025-12-03 01:07:02.026  6425-6619  nativeloader            com.fuisor.app.fuisor_app            D  Load /data/app/~~qv5yWMMMihhWFyvaVHLgEw==/com.fuisor.app.fuisor_app-4zqyMA05hheRoaNKsaAKFA==/base.apk!/lib/arm64-v8a/libflutter.so using ns clns-7 from class loader (caller=/data/app/~~qv5yWMMMihhWFyvaVHLgEw==/com.fuisor.app.fuisor_app-4zqyMA05hheRoaNKsaAKFA==/base.apk!classes4.dex): ok
2025-12-03 01:07:02.032  6425-6612  XGL                     com.fuisor.app.fuisor_app            V  Exiting: Create
2025-12-03 01:07:02.055  6425-6607  WM-PackageManagerHelper com.fuisor.app.fuisor_app            D  Skipping component enablement for androidx.work.impl.background.systemalarm.RescheduleReceiver
2025-12-03 01:07:02.104  6425-6633  XGL                     com.fuisor.app.fuisor_app            V  ----------------------------------------------------------------------
2025-12-03 01:07:02.104  6425-6633  XGL                     com.fuisor.app.fuisor_app            V  SUMD version compiled date     = 2025-03-11 10:23 - KST
2025-12-03 01:07:02.104  6425-6633  XGL                     com.fuisor.app.fuisor_app            V  SUMD version revision number   = e5014ade39
2025-12-03 01:07:02.104  6425-6633  XGL                     com.fuisor.app.fuisor_app            V  SUMD version info              = Driver version: 24.3.9, git hash: e5014ade39
2025-12-03 01:07:02.104  6425-6633  XGL                     com.fuisor.app.fuisor_app            V  ----------------------------------------------------------------------
2025-12-03 01:07:02.104  6425-6633  XGL                     com.fuisor.app.fuisor_app            V  Entering: Create
2025-12-03 01:07:02.112  6425-6633  XGL                     com.fuisor.app.fuisor_app            V  Exiting: Create
2025-12-03 01:07:02.181  6425-6633  flutter                 com.fuisor.app.fuisor_app            I  [IMPORTANT:flutter/shell/platform/android/android_context_vk_impeller.cc(62)] Using the Impeller rendering backend (Vulkan).
2025-12-03 01:07:02.659  6425-6425  com.llfbandit.app_links com.fuisor.app.fuisor_app            D  Intent { act=android.intent.action.MAIN cat=[android.intent.category.LAUNCHER] flg=0x34000000 pkg=com.fuisor.app.fuisor_app cmp=com.fuisor.app.fuisor_app/.MainActivity }
2025-12-03 01:07:02.691  6425-6425  ffmpeg-kit-flutter      com.fuisor.app.fuisor_app            D  FFmpegKitFlutterPlugin created com.antonkarpenko.ffmpegkit.FFmpegKitFlutterPlugin@e2d8d50.
2025-12-03 01:07:02.692  6425-6425  ffmpeg-kit              com.fuisor.app.fuisor_app            I  Loading ffmpeg-kit.
2025-12-03 01:07:02.694  6425-6425  nativeloader            com.fuisor.app.fuisor_app            D  Load /data/app/~~qv5yWMMMihhWFyvaVHLgEw==/com.fuisor.app.fuisor_app-4zqyMA05hheRoaNKsaAKFA==/base.apk!/lib/arm64-v8a/libffmpegkit_abidetect.so using ns clns-7 from class loader (caller=/data/app/~~qv5yWMMMihhWFyvaVHLgEw==/com.fuisor.app.fuisor_app-4zqyMA05hheRoaNKsaAKFA==/base.apk!classes4.dex): ok
2025-12-03 01:07:02.702  6425-6425  nativeloader            com.fuisor.app.fuisor_app            D  Load /data/app/~~qv5yWMMMihhWFyvaVHLgEw==/com.fuisor.app.fuisor_app-4zqyMA05hheRoaNKsaAKFA==/base.apk!/lib/arm64-v8a/libffmpegkit.so using ns clns-7 from class loader (caller=/data/app/~~qv5yWMMMihhWFyvaVHLgEw==/com.fuisor.app.fuisor_app-4zqyMA05hheRoaNKsaAKFA==/base.apk!classes4.dex): ok
2025-12-03 01:07:02.702  6425-6690  ffmpeg-kit              com.fuisor.app.fuisor_app            D  Async callback block started.
2025-12-03 01:07:02.703  6425-6425  ffmpeg-kit              com.fuisor.app.fuisor_app            I  Loaded ffmpeg-kit-full-gpl-arm64-v8a-6.0-20251025.
2025-12-03 01:07:02.703  6425-6425  ffmpeg-kit-flutter      com.fuisor.app.fuisor_app            I  FFmpegKitFlutterPlugin method channel was already initialised.
2025-12-03 01:07:02.703  6425-6425  ffmpeg-kit-flutter      com.fuisor.app.fuisor_app            D  FFmpegKitFlutterPlugin com.antonkarpenko.ffmpegkit.FFmpegKitFlutterPlugin@e2d8d50 initialised with context android.app.Application@3c7d469 and activity com.fuisor.app.fuisor_app.MainActivity@82d2c4e.
2025-12-03 01:07:03.096  6425-6425  DecorView               com.fuisor.app.fuisor_app            I  setWindowBackground: isPopOver=false color=ff000000 d=android.graphics.drawable.ColorDrawable@6192135
2025-12-03 01:07:03.146  6425-6425  ViewRootImpl            com.fuisor.app.fuisor_app            I  dVRR is disabled
2025-12-03 01:07:03.147  6425-6425  HardwareRenderer        com.fuisor.app.fuisor_app            D  onDisplayChanged. displayId=0 current wxh=1080x2340 mLargest wxh=0x0
2025-12-03 01:07:03.148  6425-6425  HardwareRenderer        com.fuisor.app.fuisor_app            D  Set largestWidth and largestHeight as logical resolution. (1080x2340)
2025-12-03 01:07:03.148  6425-6612  HWUI                    com.fuisor.app.fuisor_app            D  setMaxSurfaceArea requested wxh=(1080,2340) requestedSurfaceArea(2527200) mMaxSurfaceArea(2073600)
2025-12-03 01:07:03.149  6425-6612  NativeCust...ncyManager com.fuisor.app.fuisor_app            D  [NativeCFMS] BpCustomFrequencyManager::BpCustomFrequencyManager()
2025-12-03 01:07:03.165  6425-6425  InputTransport          com.fuisor.app.fuisor_app            D  Input channel constructed: '927a7c9', fd=145
2025-12-03 01:07:03.171  6425-6425  InsetsController        com.fuisor.app.fuisor_app            I  onStateChanged: host=com.fuisor.app.fuisor_app/com.fuisor.app.fuisor_app.MainActivity, from=android.view.ViewRootImpl.setView:1999, state=InsetsState: {mDisplayFrame=Rect(0, 0 - 1080, 2340), mDisplayCutout=DisplayCutout{insets=Rect(0, 80 - 0, 0) waterfall=Insets{left=0, top=0, right=0, bottom=0} boundingRect={Bounds=[Rect(0, 0 - 0, 0), Rect(511, 0 - 569, 80), Rect(0, 0 - 0, 0), Rect(0, 0 - 0, 0)]} cutoutPathParserInfo={CutoutPathParserInfo{displayWidth=1080 displayHeight=2340 physicalDisplayWidth=1080 physicalDisplayHeight=2340 density={2.8125} cutoutSpec={M 0,0 M 0,7.822222222222222‬‬ a 10.31111111111111‬,10.31111111111111‬ 0 1,0 0,20.62222222222222‬ a 10.31111111111111‬,10.31111111111111‬ 0 1,0 0,-20.62222222222222‬ Z @dp} rotation={0} scale={1.0} physicalPixelDisplaySizeRatio={1.0}}} sideOverrides={}}, mRoundedCorners=RoundedCorners{[RoundedCorner{position=TopLeft, radius=113, center=Point(113, 113)}, RoundedCorner{position=TopRight, radius=113, center=Point(967, 113)}, RoundedCorner{position=BottomRight, radius=113, center=Point(967, 2227)}, RoundedCorner{position=BottomLeft, radius=113, center=Point(113, 2227)}]}  mRoundedCornerFrame=Rect(0, 0 - 1080, 2340), mPrivacyIndicatorBounds=PrivacyIndicatorBounds {static bounds=Rect(956, 0 - 1080, 80) rotation=0}, mDisplayShape=DisplayShape{ spec=-311912193 displayWidth=1080 displayHeight=2340 physicalPixelDisplaySizeRatio=1.0 rotation=0 offsetX=0 offsetY=0 scale=1.0}, mSources= { InsetsSource: {cd960001 mType=navigationBars mFrame=[0,2298][1080,2340] mVisible=true mFlags=SUPPRESS_SCRIM mSideHint=BOTTOM mBoundingRects=null}, InsetsSource: {cd960004 mType=systemGestures mFrame=[0,0][84,2340] mVisible=true mFlags= mSideHint=LEFT mBoundingRects=null}, InsetsSource: {cd960005 mType=mandatorySystemGestures mFrame=[0,2250][1080,2340] mVisible=true mFlags= mSideHint=BOTTOM mBoundingRects=null}, InsetsSource: {cd960006 mType=tappableElement mFrame=[0,0][0,0] mVisible=true mFlags= mSideHint=NONE mBoundingRects=null}, InsetsSource: {cd960024 mType=systemGestures mFrame=[996,0][1080,2340] mVisible=true mFlags= mSideHint=RIGHT mBoundingRects=null}, InsetsSource: {27 mType=displayCutout mFrame=[0,0][1080,80] mVisible=true mFlags= mSideHint=TOP mBoundingRects=null}, InsetsSource: {7fdb0000 mType=statusBars mFrame=[0,0][1080,80] mVisible=true mFlags= mSideHint=TOP mBoundingRects=null}, InsetsSource: {7fdb0005 mType=mandatorySystemGestures mFrame=[0,0][1080,114] mVisible=true mFlags= mSideHint=TOP mBoundingRects=null}, InsetsSource: {7fdb0006 mType=tappableElement mFrame=[0,0][1080,80] mVisible=true mFlags= mSideHint=TOP mBoundingRects=null} }
2025-12-03 01:07:03.172  6425-6425  VRI[MainAc...y]@3656c17 com.fuisor.app.fuisor_app            I  synced displayState. AttachInfo displayState=2
2025-12-03 01:07:03.177  6425-6425  VRI[MainAc...y]@3656c17 com.fuisor.app.fuisor_app            I  setView = com.android.internal.policy.DecorView@b4ab2b3 IsHRR=false TM=true
2025-12-03 01:07:03.177  6425-6425  IDS_TAG                 com.fuisor.app.fuisor_app            I  Starting IDS observe window
2025-12-03 01:07:03.178  6425-6425  IDS_TAG                 com.fuisor.app.fuisor_app            I  Getting Shared Preference for android.app.Application@3c7d469 uid = 10452
2025-12-03 01:07:03.184  6425-6425  IDS_TAG                 com.fuisor.app.fuisor_app            I  App android.app.Application@3c7d469 has not finished training
2025-12-03 01:07:03.197  6425-6425  flutter                 com.fuisor.app.fuisor_app            I  CacheService: Initializing Hive...
2025-12-03 01:07:03.243  6425-6425  flutter                 com.fuisor.app.fuisor_app            I  CacheService: Opening boxes...
2025-12-03 01:07:03.245  6425-6425  FlutterGeolocator       com.fuisor.app.fuisor_app            D  Creating service.
2025-12-03 01:07:03.245  6425-6425  FlutterGeolocator       com.fuisor.app.fuisor_app            D  Binding to location service.
2025-12-03 01:07:03.255  6425-6612  HWUI                    com.fuisor.app.fuisor_app            D  HWUI - treat SMPTE_170M as sRGB
2025-12-03 01:07:03.257  6425-6425  IDS_TAG                 com.fuisor.app.fuisor_app            I  Closing IDS observe window
2025-12-03 01:07:03.257  6425-6425  IDS_TAG                 com.fuisor.app.fuisor_app            I  Getting Shared Preference for android.app.Application@3c7d469 uid = 10452
2025-12-03 01:07:03.279  6425-6425  IDS_TAG                 com.fuisor.app.fuisor_app            I  IDS count updated to 1 for android.app.Application@3c7d469
2025-12-03 01:07:03.311  6425-6425  WindowExtensionsImpl    com.fuisor.app.fuisor_app            I  Initializing Window Extensions, vendor API level=6, activity embedding enabled=true
2025-12-03 01:07:03.342  6425-6425  SurfaceView@fc67cc5     com.fuisor.app.fuisor_app            I  onWindowVisibilityChanged(0) true io.flutter.embedding.android.FlutterSurfaceView{fc67cc5 V.E...... ......I. 0,0-0,0} of VRI[MainActivity]@3656c17
2025-12-03 01:07:03.342  6425-6425  SurfaceView             com.fuisor.app.fuisor_app            D  264666309 updateSurface: has no frame
2025-12-03 01:07:03.415  6425-6425  BLASTBufferQueue_Java   com.fuisor.app.fuisor_app            I  new BLASTBufferQueue, mName= VRI[MainActivity]@3656c17 mNativeObject= 0xb4000078fc55d6f0 sc.mNativeObject= 0xb4000076dc585cd0 caller= android.view.ViewRootImpl.updateBlastSurfaceIfNeeded:3397 android.view.ViewRootImpl.relayoutWindow:11361 android.view.ViewRootImpl.performTraversals:4544 android.view.ViewRootImpl.doTraversal:3708 android.view.ViewRootImpl$TraversalRunnable.run:12542 android.view.Choreographer$CallbackRecord.run:1751 android.view.Choreographer$CallbackRecord.run:1760 android.view.Choreographer.doCallbacks:1216 android.view.Choreographer.doFrame:1142 android.view.Choreographer$FrameDisplayEventReceiver.run:1707 
2025-12-03 01:07:03.415  6425-6425  BLASTBufferQueue_Java   com.fuisor.app.fuisor_app            I  update, w= 1080 h= 2340 mName = VRI[MainActivity]@3656c17 mNativeObject= 0xb4000078fc55d6f0 sc.mNativeObject= 0xb4000076dc585cd0 format= -3 caller= android.graphics.BLASTBufferQueue.<init>:88 android.view.ViewRootImpl.updateBlastSurfaceIfNeeded:3397 android.view.ViewRootImpl.relayoutWindow:11361 android.view.ViewRootImpl.performTraversals:4544 android.view.ViewRootImpl.doTraversal:3708 android.view.ViewRootImpl$TraversalRunnable.run:12542 
2025-12-03 01:07:03.418  6425-6425  VRI[MainAc...y]@3656c17 com.fuisor.app.fuisor_app            I  Relayout returned: old=(0,0,1080,2340) new=(0,0,1080,2340) relayoutAsync=false req=(1080,2340)0 dur=62 res=0x3 s={true 0xb4000077dc5e7cd0} ch=true seqId=0
2025-12-03 01:07:03.470  6425-6425  VRI[MainAc...y]@3656c17 com.fuisor.app.fuisor_app            I  performConfigurationChange setNightDimText nightDimLevel=0
2025-12-03 01:07:03.470  6425-6425  VRI[MainAc...y]@3656c17 com.fuisor.app.fuisor_app            D  mThreadedRenderer.initialize() mSurface={isValid=true 0xb4000077dc5e7cd0} hwInitialized=true
2025-12-03 01:07:03.472  6425-6425  SurfaceView             com.fuisor.app.fuisor_app            D  264666309 updateSurface: has no frame
2025-12-03 01:07:03.472  6425-6425  SurfaceView@fc67cc5     com.fuisor.app.fuisor_app            I  windowStopped(false) true io.flutter.embedding.android.FlutterSurfaceView{fc67cc5 V.E...... ......ID 0,0-1080,2340} of VRI[MainActivity]@3656c17
2025-12-03 01:07:03.472  6425-6425  SurfaceView             com.fuisor.app.fuisor_app            D  264666309 updateSurface: has no frame
2025-12-03 01:07:03.473  6425-6425  VRI[MainAc...y]@3656c17 com.fuisor.app.fuisor_app            D  reportNextDraw android.view.ViewRootImpl.performTraversals:5193 android.view.ViewRootImpl.doTraversal:3708 android.view.ViewRootImpl$TraversalRunnable.run:12542 android.view.Choreographer$CallbackRecord.run:1751 android.view.Choreographer$CallbackRecord.run:1760 
2025-12-03 01:07:03.473  6425-6425  SurfaceView             com.fuisor.app.fuisor_app            I  264666309 Changes: creating=true format=true size=true visible=true alpha=false hint=false visible=true left=true top=true z=false attached=true lifecycleStrategy=false
2025-12-03 01:07:03.476  6425-6425  BLASTBufferQueue_Java   com.fuisor.app.fuisor_app            I  update, w= 1080 h= 2340 mName = null mNativeObject= 0xb4000078fc55c110 sc.mNativeObject= 0xb4000076dc586450 format= 4 caller= android.view.SurfaceView.createBlastSurfaceControls:1642 android.view.SurfaceView.updateSurface:1318 android.view.SurfaceView.lambda$new$0:268 android.view.SurfaceView.$r8$lambda$NfZyM_TG8F8lqzaOVZ7noREFjzU:0 android.view.SurfaceView$$ExternalSyntheticLambda1.onPreDraw:0 android.view.ViewTreeObserver.dispatchOnPreDraw:1226 
2025-12-03 01:07:03.476  6425-6425  SurfaceView             com.fuisor.app.fuisor_app            I  264666309 Cur surface: Surface(name=null mNativeObject=0)/@0x28f685
2025-12-03 01:07:03.476  6425-6425  SurfaceView@fc67cc5     com.fuisor.app.fuisor_app            I  pST: sr = Rect(0, 0 - 1080, 2340) sw = 1080 sh = 2340
2025-12-03 01:07:03.476  6425-6425  SurfaceView             com.fuisor.app.fuisor_app            D  264666309 performSurfaceTransaction RenderWorker position = [0, 0, 1080, 2340] surfaceSize = 1080x2340
2025-12-03 01:07:03.476  6425-6425  SurfaceView@fc67cc5     com.fuisor.app.fuisor_app            I  updateSurface: mVisible = true mSurface.isValid() = true
2025-12-03 01:07:03.476  6425-6425  SurfaceView@fc67cc5     com.fuisor.app.fuisor_app            I  updateSurface: mSurfaceCreated = false surfaceChanged = true visibleChanged = true
2025-12-03 01:07:03.476  6425-6425  SurfaceView             com.fuisor.app.fuisor_app            I  264666309 visibleChanged -- surfaceCreated
2025-12-03 01:07:03.476  6425-6425  SurfaceView@fc67cc5     com.fuisor.app.fuisor_app            I  surfaceCreated 1 #8 io.flutter.embedding.android.FlutterSurfaceView{fc67cc5 V.E...... ......ID 0,0-1080,2340}
2025-12-03 01:07:03.484  6425-6633  .app.fuisor_app         com.fuisor.app.fuisor_app            I  [HIDL_FETCH_IMapper] android.hardware.graphics.mapper@4.0: Loaded Mapper successfully.
2025-12-03 01:07:03.488  6425-6633  .app.fuisor_app         com.fuisor.app.fuisor_app            D  [is_supported_usage] Other IPs besides the CPU do not support the format 59
2025-12-03 01:07:03.488  6425-6633  .app.fuisor_app         com.fuisor.app.fuisor_app            D  [is_supported_usage] Other IPs besides the CPU do not support the format 59
2025-12-03 01:07:03.536  6425-6425  SurfaceView             com.fuisor.app.fuisor_app            I  264666309 surfaceChanged -- format=4 w=1080 h=2340
2025-12-03 01:07:03.536  6425-6425  SurfaceView@fc67cc5     com.fuisor.app.fuisor_app            I  surfaceChanged (1080,2340) 1 #8 io.flutter.embedding.android.FlutterSurfaceView{fc67cc5 V.E...... ......ID 0,0-1080,2340}
2025-12-03 01:07:03.541  6425-6425  SurfaceView             com.fuisor.app.fuisor_app            I  264666309 surfaceRedrawNeeded
2025-12-03 01:07:03.571  6425-6425  SurfaceView             com.fuisor.app.fuisor_app            V  Layout: x=0 y=0 w=1080 h=2340, frame=Rect(0, 0 - 1080, 2340)
2025-12-03 01:07:03.584  6425-6425  VRI[MainAc...y]@3656c17 com.fuisor.app.fuisor_app            D  Canceling draw. cancelDueToPreDrawListener=true cancelDueToSync=false
2025-12-03 01:07:03.685  6425-6425  FlutterGeolocator       com.fuisor.app.fuisor_app            D  Flutter engine connected. Connected engine count 1
2025-12-03 01:07:03.717  6425-6425  InsetsSourceConsumer    com.fuisor.app.fuisor_app            I  applyRequestedVisibilityToControl: visible=true, type=statusBars, host=com.fuisor.app.fuisor_app/com.fuisor.app.fuisor_app.MainActivity
2025-12-03 01:07:03.718  6425-6425  InsetsSourceConsumer    com.fuisor.app.fuisor_app            I  applyRequestedVisibilityToControl: visible=true, type=navigationBars, host=com.fuisor.app.fuisor_app/com.fuisor.app.fuisor_app.MainActivity
2025-12-03 01:07:03.732  6425-6425  flutter                 com.fuisor.app.fuisor_app            I  CacheService: ✓ Posts box opened (0 items)
2025-12-03 01:07:03.758  6425-6425  flutter                 com.fuisor.app.fuisor_app            I  CacheService: ✓ Comments box opened (0 items)
2025-12-03 01:07:03.776  6425-6425  flutter                 com.fuisor.app.fuisor_app            I  CacheService: ✓ Users box opened (0 items)
2025-12-03 01:07:03.792  6425-6425  flutter                 com.fuisor.app.fuisor_app            I  CacheService: ✓ Feed box opened (0 items)
2025-12-03 01:07:03.804  6425-6425  flutter                 com.fuisor.app.fuisor_app            I  CacheService: ✓ Hashtag posts box opened (0 items)
2025-12-03 01:07:03.834  6425-6425  flutter                 com.fuisor.app.fuisor_app            I  CacheService: ✓ User posts box opened (0 items)
2025-12-03 01:07:03.847  6425-6425  flutter                 com.fuisor.app.fuisor_app            I  CacheService: ✓ Video posts box opened (0 items)
2025-12-03 01:07:03.857  6425-6425  flutter                 com.fuisor.app.fuisor_app            I  CacheService: ✓ Mentioned posts box opened (0 items)
2025-12-03 01:07:03.857  6425-6425  flutter                 com.fuisor.app.fuisor_app            I  CacheService: ✅ Initialized successfully. Total cache size: 0 items
2025-12-03 01:07:03.866  6425-6425  flutter                 com.fuisor.app.fuisor_app            I  MessageCacheService: Initialized successfully
2025-12-03 01:07:04.052  6425-6425  flutter                 com.fuisor.app.fuisor_app            I  NotificationService: Notification channel created: sonet_notifications
2025-12-03 01:07:04.052  6425-6425  flutter                 com.fuisor.app.fuisor_app            I  NotificationService: Initialized with notification channel
2025-12-03 01:07:04.061  6425-6425  flutter                 com.fuisor.app.fuisor_app            I  BackgroundNotificationService: Initialized
2025-12-03 01:07:04.090  6425-6774  DynamiteModule          com.fuisor.app.fuisor_app            I  Considering local module com.google.android.gms.cronet_dynamite:0 and remote module com.google.android.gms.cronet_dynamite:4011
2025-12-03 01:07:04.090  6425-6774  DynamiteModule          com.fuisor.app.fuisor_app            I  Selected remote version of com.google.android.gms.cronet_dynamite, version >= 4011
2025-12-03 01:07:04.092  6425-6774  DynamiteModule          com.fuisor.app.fuisor_app            V  Dynamite loader version >= 2, using loadModule2NoCrashUtils
2025-12-03 01:07:04.168  6425-6425  flutter                 com.fuisor.app.fuisor_app            I  AuthProvider: Loading session...
2025-12-03 01:07:04.168  6425-6425  flutter                 com.fuisor.app.fuisor_app            I  AuthProvider: Access token found: No
2025-12-03 01:07:04.168  6425-6425  flutter                 com.fuisor.app.fuisor_app            I  AuthProvider: User data found: No
2025-12-03 01:07:04.168  6425-6425  flutter                 com.fuisor.app.fuisor_app            I  AuthProvider: No access token found in session
2025-12-03 01:07:04.185  6425-6425  flutter                 com.fuisor.app.fuisor_app            I  OnlineStatusProvider: Heartbeat stopped
2025-12-03 01:07:04.209  6425-6774  System                  com.fuisor.app.fuisor_app            W  ClassLoader referenced unknown path: 
2025-12-03 01:07:04.213  6425-6774  nativeloader            com.fuisor.app.fuisor_app            D  Configuring clns-8 for other apk . target_sdk_version=36, uses_libraries=, library_path=/data/app/~~pd7NO7rJOzZoY2Ezv1PnRA==/com.google.android.gms-3ubTUdpHKQSfDGf5KkO58Q==/lib/arm64:/data/app/~~pd7NO7rJOzZoY2Ezv1PnRA==/com.google.android.gms-3ubTUdpHKQSfDGf5KkO58Q==/base.apk!/lib/arm64-v8a, permitted_path=/data:/mnt/expand:/data/user/0/com.google.android.gms
2025-12-03 01:07:04.315  6425-6633  BLASTBufferQueue        com.fuisor.app.fuisor_app            I  [SurfaceView[com.fuisor.app.fuisor_app/com.fuisor.app.fuisor_app.MainActivity]@0#1](f:0,a:0,s:0) onFrameAvailable the first frame is available
2025-12-03 01:07:04.372  6425-6774  ConnectivityManager     com.fuisor.app.fuisor_app            D  StackLog: [android.net.ConnectivityManager.sendRequestForNetwork(ConnectivityManager.java:4671)] [android.net.ConnectivityManager.sendRequestForNetwork(ConnectivityManager.java:4838)] [android.net.ConnectivityManager.registerNetworkCallback(ConnectivityManager.java:5220)] [android.net.ConnectivityManager.registerNetworkCallback(ConnectivityManager.java:5190)] [com.mapbox.common.Reachability.<init>(Reachability.java:112)] [com.mapbox.common.Reachability.createPlatformReachability(Reachability.java:290)] [com.mapbox.common.ReachabilityFactory.reachability(Native Method)] [com.mapbox.common.module.MapboxHttpClient.<init>(MapboxHttpClient.kt:42)] [com.mapbox.common.PlatformHttpService.createPlatformHttpService(PlatformHttpService.kt:21)]
2025-12-03 01:07:04.657  6425-6425  SurfaceView             com.fuisor.app.fuisor_app            I  264666309 finishedDrawing
2025-12-03 01:07:04.840  6425-6425  flutter                 com.fuisor.app.fuisor_app            I  BackgroundNotificationService: Periodic task cancelled
2025-12-03 01:07:04.841  6425-6425  Choreographer           com.fuisor.app.fuisor_app            I  Skipped 33 frames!  The application may be doing too much work on its main thread.
2025-12-03 01:07:04.849  6425-6425  VRI[MainAc...y]@3656c17 com.fuisor.app.fuisor_app            D  Setup new sync=wmsSync-VRI[MainActivity]@3656c17#1
2025-12-03 01:07:04.849  6425-6425  VRI[MainAc...y]@3656c17 com.fuisor.app.fuisor_app            I  Creating new active sync group VRI[MainActivity]@3656c17#2
2025-12-03 01:07:04.926  6425-6774  nativeloader            com.fuisor.app.fuisor_app            D  Configuring clns-9 for other apk . target_sdk_version=36, uses_libraries=ALL, library_path=/data/app/~~pd7NO7rJOzZoY2Ezv1PnRA==/com.google.android.gms-3ubTUdpHKQSfDGf5KkO58Q==/split_CronetDynamite_installtime.apk!/lib/arm64-v8a, permitted_path=/data:/mnt/expand
2025-12-03 01:07:04.929  6425-6774  nativeloader            com.fuisor.app.fuisor_app            D  Extending system_exposed_libraries: libhumantracking.arcsoft.so:libPortraitDistortionCorrection.arcsoft.so:libPortraitDistortionCorrectionCali.arcsoft.so:libface_landmark.arcsoft.so:libFacialStickerEngine.arcsoft.so:libfrtracking_engine.arcsoft.so:libFaceRecognition.arcsoft.so:libveengine.arcsoft.so:lib_pet_detection.arcsoft.so:libae_bracket_hdr.arcsoft.so:libhigh_res.arcsoft.so:libhybrid_high_dynamic_range.arcsoft.so:libimage_enhancement.arcsoft.so:liblow_light_hdr.arcsoft.so:libhigh_dynamic_range.arcsoft.so:libsuperresolution_raw.arcsoft.so:libobjectcapture_jni.arcsoft.so:libobjectcapture.arcsoft.so:libFacialAttributeDetection.arcsoft.so:libaudiomirroring_jni.audiomirroring.samsung.so:libBeauty_v4.camera.samsung.so:libexifa.camera.samsung.so:libjpega.camera.samsung.so:libOpenCv.camera.samsung.so:libC2paDps.camera.samsung.so:libVideoClassifier.camera.samsung.so:libImageScreener.camera.samsung.so:libMyFilter.camera.samsung.so:libtflite2.myfilters.camera.samsung.so:libHIDTSnapJNI.camera.samsung.so:libSmartSca
2025-12-03 01:07:05.014  6425-6856  HttpFlagsLoader         com.fuisor.app.fuisor_app            I  HTTP flags log line (Impl): Using live production flag values from Google
2025-12-03 01:07:05.044  6425-6856  ConnectivityManager     com.fuisor.app.fuisor_app            D  StackLog: [android.net.ConnectivityManager.sendRequestForNetwork(ConnectivityManager.java:4671)] [android.net.ConnectivityManager.registerDefaultNetworkCallbackForUid(ConnectivityManager.java:5360)] [android.net.ConnectivityManager.registerDefaultNetworkCallback(ConnectivityManager.java:5327)] [m1.ir.b(:com.google.android.gms.dynamite_cronetdynamite@254730035@25.47.30 (260400-0):39)] [m1.il.<init>(:com.google.android.gms.dynamite_cronetdynamite@254730035@25.47.30 (260400-0):89)] [org.chromium.net.NetworkChangeNotifier.g(:com.google.android.gms.dynamite_cronetdynamite@254730035@25.47.30 (260400-0):21)] [m1.lb.run(:com.google.android.gms.dynamite_cronetdynamite@254730035@25.47.30 (260400-0):44)]
2025-12-03 01:07:05.053  6425-6856  ConnectivityManager     com.fuisor.app.fuisor_app            D  StackLog: [android.net.ConnectivityManager.sendRequestForNetwork(ConnectivityManager.java:4671)] [android.net.ConnectivityManager.sendRequestForNetwork(ConnectivityManager.java:4838)] [android.net.ConnectivityManager.registerNetworkCallback(ConnectivityManager.java:5220)] [m1.ir.b(:com.google.android.gms.dynamite_cronetdynamite@254730035@25.47.30 (260400-0):130)] [m1.il.<init>(:com.google.android.gms.dynamite_cronetdynamite@254730035@25.47.30 (260400-0):89)] [org.chromium.net.NetworkChangeNotifier.g(:com.google.android.gms.dynamite_cronetdynamite@254730035@25.47.30 (260400-0):21)] [m1.lb.run(:com.google.android.gms.dynamite_cronetdynamite@254730035@25.47.30 (260400-0):44)]
2025-12-03 01:07:05.158  6425-6774  nativeloader            com.fuisor.app.fuisor_app            D  Load /data/app/~~pd7NO7rJOzZoY2Ezv1PnRA==/com.google.android.gms-3ubTUdpHKQSfDGf5KkO58Q==/split_CronetDynamite_installtime.apk!/lib/arm64-v8a/libcronet.143.0.7445.0.so using isolated ns clns-9 (caller=/data/app/~~pd7NO7rJOzZoY2Ezv1PnRA==/com.google.android.gms-3ubTUdpHKQSfDGf5KkO58Q==/split_CronetDynamite_installtime.apk): ok
2025-12-03 01:07:05.202  6425-6425  VRI[MainAc...y]@3656c17 com.fuisor.app.fuisor_app            D  Draw frame after cancel
2025-12-03 01:07:05.206  6425-6425  VRI[MainAc...y]@3656c17 com.fuisor.app.fuisor_app            D  registerCallbacksForSync syncBuffer=false
2025-12-03 01:07:05.209  6425-6612  SurfaceView             com.fuisor.app.fuisor_app            D  264666309 updateSurfacePosition RenderWorker, frameNr = 1, position = [0, 0, 1080, 2340] surfaceSize = 1080x2340
2025-12-03 01:07:05.209  6425-6612  SurfaceView@fc67cc5     com.fuisor.app.fuisor_app            I  uSP: rtp = Rect(0, 0 - 1080, 2340) rtsw = 1080 rtsh = 2340
2025-12-03 01:07:05.209  6425-6612  SurfaceView@fc67cc5     com.fuisor.app.fuisor_app            I  onSSPAndSRT: pl = 0 pt = 0 sx = 1.0 sy = 1.0
2025-12-03 01:07:05.210  6425-6612  SurfaceView@fc67cc5     com.fuisor.app.fuisor_app            I  aOrMT: VRI[MainActivity]@3656c17 t = android.view.SurfaceControl$Transaction@fce24ab fN = 1 android.view.SurfaceView.-$$Nest$mapplyOrMergeTransaction:0 android.view.SurfaceView$SurfaceViewPositionUpdateListener.positionChanged:1792 android.graphics.RenderNode$CompositePositionUpdateListener.positionChanged:398 
2025-12-03 01:07:05.210  6425-6612  VRI[MainAc...y]@3656c17 com.fuisor.app.fuisor_app            I  mWNT: t=0xb4000077fc576590 mBlastBufferQueue=0xb4000078fc55d6f0 fn= 1 HdrRenderState mRenderHdrSdrRatio=1.0 caller= android.view.SurfaceView.applyOrMergeTransaction:1723 android.view.SurfaceView.-$$Nest$mapplyOrMergeTransaction:0 android.view.SurfaceView$SurfaceViewPositionUpdateListener.positionChanged:1792 
2025-12-03 01:07:05.226  6425-7007  VRI[MainAc...y]@3656c17 com.fuisor.app.fuisor_app            D  Received frameDrawingCallback syncResult=0 frameNum=1.
2025-12-03 01:07:05.232  6425-6774  cn_CronetLibraryLoader  com.fuisor.app.fuisor_app            I  Cronet version: 143.0.7445.0, arch: aarch64
2025-12-03 01:07:05.243  6425-7007  VRI[MainAc...y]@3656c17 com.fuisor.app.fuisor_app            I  mWNT: t=0xb4000077fc5bedd0 mBlastBufferQueue=0xb4000078fc55d6f0 fn= 1 HdrRenderState mRenderHdrSdrRatio=1.0 caller= android.view.ViewRootImpl$11.onFrameDraw:15016 android.view.ThreadedRenderer$1.onFrameDraw:761 <bottom of call stack> 
2025-12-03 01:07:05.243  6425-7007  VRI[MainAc...y]@3656c17 com.fuisor.app.fuisor_app            I  Setting up sync and frameCommitCallback
2025-12-03 01:07:05.319  6425-6612  BLASTBufferQueue        com.fuisor.app.fuisor_app            I  [VRI[MainActivity]@3656c17#0](f:0,a:0,s:0) onFrameAvailable the first frame is available
2025-12-03 01:07:05.320  6425-6612  VRI[MainAc...y]@3656c17 com.fuisor.app.fuisor_app            I  Received frameCommittedCallback lastAttemptedDrawFrameNum=1 didProduceBuffer=true
2025-12-03 01:07:05.329  6425-6612  HWUI                    com.fuisor.app.fuisor_app            D  CFMS:: SetUp Pid : 6425    Tid : 6612
2025-12-03 01:07:05.330  6425-6425  VRI[MainAc...y]@3656c17 com.fuisor.app.fuisor_app            D  reportDrawFinished seqId=0
2025-12-03 01:07:05.356  6425-6552  HWUI                    com.fuisor.app.fuisor_app            I  Davey! duration=1033ms; Flags=1, FrameTimelineVsyncId=16687814, IntendedVsync=67633311359002, Vsync=67633861187182, InputEventId=0, HandleInputStart=67633866748358, AnimationStart=67633866750663, PerformTraversalsStart=67633866752108, DrawStart=67634231867733, FrameDeadline=67633328025669, FrameInterval=67633865552264, FrameStartTime=16661460, SyncQueued=67634233602030, SyncStart=67634233773827, IssueDrawCommandsStart=67634251012811, SwapBuffers=67634343761522, FrameCompleted=67634344984921, DequeueBufferDuration=5441953, QueueBufferDuration=1089844, GpuCompleted=67634343954764, SwapBuffersCompleted=67634344984921, DisplayPresentTime=0, CommandSubmissionCompleted=67634343761522, 
2025-12-03 01:07:05.400  6425-6425  VRI[MainAc...y]@3656c17 com.fuisor.app.fuisor_app            D  mThreadedRenderer.initializeIfNeeded()#2 mSurface={isValid=true 0xb4000077dc5e7cd0}
2025-12-03 01:07:05.402  6425-6425  InputMethodManagerUtils com.fuisor.app.fuisor_app            D  startInputInner - Id : 0
2025-12-03 01:07:05.402  6425-6425  InputMethodManager      com.fuisor.app.fuisor_app            I  startInputInner - IInputMethodManagerGlobalInvoker.startInputOrWindowGainedFocus
2025-12-03 01:07:05.484  6425-6552  InputTransport          com.fuisor.app.fuisor_app            D  Input channel constructed: 'ClientS', fd=249
2025-12-03 01:07:05.519  6425-6425  InsetsController        com.fuisor.app.fuisor_app            I  onStateChanged: host=com.fuisor.app.fuisor_app/com.fuisor.app.fuisor_app.MainActivity, from=android.view.ViewRootImpl.handleInsetsControlChanged:2888, state=InsetsState: {mDisplayFrame=Rect(0, 0 - 1080, 2340), mDisplayCutout=DisplayCutout{insets=Rect(0, 80 - 0, 0) waterfall=Insets{left=0, top=0, right=0, bottom=0} boundingRect={Bounds=[Rect(0, 0 - 0, 0), Rect(511, 0 - 569, 80), Rect(0, 0 - 0, 0), Rect(0, 0 - 0, 0)]} cutoutPathParserInfo={CutoutPathParserInfo{displayWidth=1080 displayHeight=2340 physicalDisplayWidth=1080 physicalDisplayHeight=2340 density={2.8125} cutoutSpec={M 0,0 M 0,7.822222222222222‬‬ a 10.31111111111111‬,10.31111111111111‬ 0 1,0 0,20.62222222222222‬ a 10.31111111111111‬,10.31111111111111‬ 0 1,0 0,-20.62222222222222‬ Z @dp} rotation={0} scale={1.0} physicalPixelDisplaySizeRatio={1.0}}} sideOverrides={}}, mRoundedCorners=RoundedCorners{[RoundedCorner{position=TopLeft, radius=113, center=Point(113, 113)}, RoundedCorner{position=TopRight, radius=113, center=Point(967, 113)}, RoundedCorner{position=BottomRight, radius=113, center=Point(967, 2227)}, RoundedCorner{position=BottomLeft, radius=113, center=Point(113, 2227)}]}  mRoundedCornerFrame=Rect(0, 0 - 1080, 2340), mPrivacyIndicatorBounds=PrivacyIndicatorBounds {static bounds=Rect(956, 0 - 1080, 80) rotation=0}, mDisplayShape=DisplayShape{ spec=-311912193 displayWidth=1080 displayHeight=2340 physicalPixelDisplaySizeRatio=1.0 rotation=0 offsetX=0 offsetY=0 scale=1.0}, mSources= { InsetsSource: {cd960001 mType=navigationBars mFrame=[0,2298][1080,2340] mVisible=true mFlags=SUPPRESS_SCRIM mSideHint=BOTTOM mBoundingRects=null}, InsetsSource: {cd960004 mType=systemGestures mFrame=[0,0][84,2340] mVisible=true mFlags= mSideHint=LEFT mBoundingRects=null}, InsetsSource: {cd960005 mType=mandatorySystemGestures mFrame=[0,2250][1080,2340] mVisible=true mFlags= mSideHint=BOTTOM mBoundingRects=null}, InsetsSource: {cd960006 mType=tappableElement mFrame=[0,0][0,0] mVisible=true mFlags= mSideHint=NONE mBoundingRects=null}, InsetsSource: {cd960024 mType=systemGestures mFrame=[996,0][1080,2340] mVisible=true mFlags= mSideHint=RIGHT mBoundingRects=null}, InsetsSource: {3 mType=ime mFrame=[0,0][0,0] mVisible=false mFlags= mSideHint=NONE mBoundingRects=null}, InsetsSource: {27 mType=displayCutout mFrame=[0,0][1080,80] mVisible=true mFlags= mSideHint=TOP mBoundingRects=null}, InsetsSource: {7fdb0000 mType=statusBars mFrame=[0,0][1080,80] mVisible=true mFlags= mSideHint=TOP mBoundingRects=null}, InsetsSource: {7fdb0005 mType=mandatorySystemGestures mFrame=[0,0][1080,114] mVisible=true mFlags= mSideHint=TOP mBoundingRects=null}, InsetsSource: {7fdb0006 mType=tappableElement mFrame=[0,0][1080,80] mVisible=true mFlags= mSideHint=TOP mBoundingRects=null} }
2025-12-03 01:07:05.523  6425-6425  InsetsSourceConsumer    com.fuisor.app.fuisor_app            I  applyRequestedVisibilityToControl: visible=false, type=ime, host=com.fuisor.app.fuisor_app/com.fuisor.app.fuisor_app.MainActivity
2025-12-03 01:07:05.617  6425-6425  flutter                 com.fuisor.app.fuisor_app            I  ApiService: Set offline failed - 401
2025-12-03 01:07:05.617  6425-6425  flutter                 com.fuisor.app.fuisor_app            I  OnlineStatusProvider: User status set to offline
2025-12-03 01:07:07.709  6425-7364  ProfileInstaller        com.fuisor.app.fuisor_app            D  Installing profile for com.fuisor.app.fuisor_app
2025-12-03 01:07:08.097  6425-6425  VRI[MainAc...y]@3656c17 com.fuisor.app.fuisor_app            I  ViewPostIme pointer 0
2025-12-03 01:07:08.100  6425-6425  VRI[MainAc...y]@3656c17 com.fuisor.app.fuisor_app            I  call setFrameRateCategory for touch hint category=high hint, reason=touch, vri=VRI[MainActivity]@3656c17
2025-12-03 01:07:08.190  6425-6425  VRI[MainAc...y]@3656c17 com.fuisor.app.fuisor_app            I  ViewPostIme pointer 1
2025-12-03 01:07:08.194  6425-6425  InputMethodManager_LC   com.fuisor.app.fuisor_app            I  showSoftInput(View,I)
2025-12-03 01:07:08.195  6425-6425  ImeTracker              com.fuisor.app.fuisor_app            I  com.fuisor.app.fuisor_app:da305d30: onRequestShow at ORIGIN_CLIENT reason SHOW_SOFT_INPUT fromUser false
2025-12-03 01:07:08.196  6425-6425  InputMethodManager_LC   com.fuisor.app.fuisor_app            I  ssi(): flags=0 view=com.fuisor.app.fuisor_app reason=SHOW_SOFT_INPUT
2025-12-03 01:07:08.197  6425-6425  InputMethodManager_LC   com.fuisor.app.fuisor_app            I  ssi() view is not EditText
2025-12-03 01:07:08.199  6425-6425  InputMethodManagerUtils com.fuisor.app.fuisor_app            D  startInputInner - Id : 0
2025-12-03 01:07:08.199  6425-6425  InputMethodManager      com.fuisor.app.fuisor_app            I  startInputInner - IInputMethodManagerGlobalInvoker.startInputOrWindowGainedFocus
2025-12-03 01:07:08.201  6425-6425  InputMethodManager      com.fuisor.app.fuisor_app            D  showSoftInput() view=io.flutter.embedding.android.FlutterView{ff941ce VFED..... .F....ID 0,0-1080,2340 #1 aid=1073741824} flags=0 reason=SHOW_SOFT_INPUT
2025-12-03 01:07:08.203  6425-6556  InputTransport          com.fuisor.app.fuisor_app            D  Input channel constructed: 'ClientS', fd=252
2025-12-03 01:07:08.410  6425-6425  InsetsController        com.fuisor.app.fuisor_app            I  onStateChanged: host=com.fuisor.app.fuisor_app/com.fuisor.app.fuisor_app.MainActivity, from=android.view.ViewRootImpl.handleResized:2789, state=InsetsState: {mDisplayFrame=Rect(0, 0 - 1080, 2340), mDisplayCutout=DisplayCutout{insets=Rect(0, 80 - 0, 0) waterfall=Insets{left=0, top=0, right=0, bottom=0} boundingRect={Bounds=[Rect(0, 0 - 0, 0), Rect(511, 0 - 569, 80), Rect(0, 0 - 0, 0), Rect(0, 0 - 0, 0)]} cutoutPathParserInfo={CutoutPathParserInfo{displayWidth=1080 displayHeight=2340 physicalDisplayWidth=1080 physicalDisplayHeight=2340 density={2.8125} cutoutSpec={M 0,0 M 0,7.822222222222222‬‬ a 10.31111111111111‬,10.31111111111111‬ 0 1,0 0,20.62222222222222‬ a 10.31111111111111‬,10.31111111111111‬ 0 1,0 0,-20.62222222222222‬ Z @dp} rotation={0} scale={1.0} physicalPixelDisplaySizeRatio={1.0}}} sideOverrides={}}, mRoundedCorners=RoundedCorners{[RoundedCorner{position=TopLeft, radius=113, center=Point(113, 113)}, RoundedCorner{position=TopRight, radius=113, center=Point(967, 113)}, RoundedCorner{position=BottomRight, radius=113, center=Point(967, 2227)}, RoundedCorner{position=BottomLeft, radius=113, center=Point(113, 2227)}]}  mRoundedCornerFrame=Rect(0, 0 - 1080, 2340), mPrivacyIndicatorBounds=PrivacyIndicatorBounds {static bounds=Rect(956, 0 - 1080, 80) rotation=0}, mDisplayShape=DisplayShape{ spec=-311912193 displayWidth=1080 displayHeight=2340 physicalPixelDisplaySizeRatio=1.0 rotation=0 offsetX=0 offsetY=0 scale=1.0}, mSources= { InsetsSource: {cd960001 mType=navigationBars mFrame=[0,2298][1080,2340] mVisible=true mFlags=SUPPRESS_SCRIM mSideHint=BOTTOM mBoundingRects=null}, InsetsSource: {cd960004 mType=systemGestures mFrame=[0,0][84,2340] mVisible=true mFlags= mSideHint=LEFT mBoundingRects=null}, InsetsSource: {cd960005 mType=mandatorySystemGestures mFrame=[0,2250][1080,2340] mVisible=true mFlags= mSideHint=BOTTOM mBoundingRects=null}, InsetsSource: {cd960006 mType=tappableElement mFrame=[0,0][0,0] mVisible=true mFlags= mSideHint=NONE mBoundingRects=null}, InsetsSource: {cd960024 mType=systemGestures mFrame=[996,0][1080,2340] mVisible=true mFlags= mSideHint=RIGHT mBoundingRects=null}, InsetsSource: {3 mType=ime mFrame=[0,1332][1080,2340] mVisible=false mFlags= mSideHint=BOTTOM mBoundingRects=null}, InsetsSource: {27 mType=displayCutout mFrame=[0,0][1080,80] mVisible=true mFlags= mSideHint=TOP mBoundingRects=null}, InsetsSource: {7fdb0000 mType=statusBars mFrame=[0,0][1080,80] mVisible=true mFlags= mSideHint=TOP mBoundingRects=null}, InsetsSource: {7fdb0005 mType=mandatorySystemGestures mFrame=[0,0][1080,114] mVisible=true mFlags= mSideHint=TOP mBoundingRects=null}, InsetsSource: {7fdb0006 mType=tappableElement mFrame=[0,0][1080,80] mVisible=true mFlags= mSideHint=TOP mBoundingRects=null} }
2025-12-03 01:07:08.410  6425-6425  VRI[MainAc...y]@3656c17 com.fuisor.app.fuisor_app            I  handleResized, frames=ClientWindowFrames{frame=[0,0][1080,2340] display=[0,0][1080,2340] parentFrame=[0,0][0,0]} displayId=0 dragResizing=false compatScale=1.0 frameChanged=false attachedFrameChanged=false configChanged=false displayChanged=false compatScaleChanged=false dragResizingChanged=false
2025-12-03 01:07:08.614  6425-6425  InsetsController        com.fuisor.app.fuisor_app            D  show(ime(), fromIme=true)
2025-12-03 01:07:08.615  6425-6425  InsetsController        com.fuisor.app.fuisor_app            I  setRequestedVisibleTypes: visible=true, mask=ime, host=com.fuisor.app.fuisor_app/com.fuisor.app.fuisor_app.MainActivity, from=android.view.InsetsController.controlAnimationUnchecked:1498 android.view.InsetsController.applyAnimation:2228 android.view.InsetsController.applyAnimation:2159 android.view.InsetsController.show:1340 android.view.ViewRootImpl$ViewRootHandler.handleMessageImpl:8056 android.view.ViewRootImpl$ViewRootHandler.handleMessage:7991 android.os.Handler.dispatchMessage:107 android.os.Looper.loopOnce:257 android.os.Looper.loop:342 android.app.ActivityThread.main:9634 
2025-12-03 01:07:08.616  6425-6425  InsetsController        com.fuisor.app.fuisor_app            I  controlAnimationUncheckedInner: Added types=ime, animType=0, host=com.fuisor.app.fuisor_app/com.fuisor.app.fuisor_app.MainActivity, from=android.view.InsetsController.controlAnimationUnchecked:1502 android.view.InsetsController.applyAnimation:2228 android.view.InsetsController.applyAnimation:2159 
2025-12-03 01:07:08.632  6425-6425  InteractionJankMonitor  com.fuisor.app.fuisor_app            W  Initializing without READ_DEVICE_CONFIG permission. enabled=false, interval=1, missedFrameThreshold=3, frameTimeThreshold=64, package=com.fuisor.app.fuisor_app
